// Jest Snapshot v1, https://goo.gl/fbAQLP

exports[`snapshot testing for profile screen 1`] = `
<div>
  <h2>
    404 Not Found!
  </h2>
</div>
`;
